// Jest Snapshot v1, https://goo.gl/fbAQLP

exports[`<EmojiSelector /> renders correctly 1`] = `
<div
  className="emoji-react-selector-container"
  onBlur={[Function]}
  onFocus={[Function]}
  tabIndex="-1"
>
  <div
    className="emoji-react-selector"
    onBlur={[Function]}
  >
    <button
      className="emoji-react-selector__emoji"
      onClick={[Function]}
      onKeyDown={[Function]}
      tabIndex={-1}
    >
      <img
        alt="👍"
        className="emojione"
        draggable="false"
        src="/packs/emoji/1f44d.svg"
      />
    </button>
    <button
      className="emoji-react-selector__emoji"
      onClick={[Function]}
      onKeyDown={[Function]}
      tabIndex={-1}
    >
      <img
        alt="❤"
        className="emojione"
        draggable="false"
        src="/packs/emoji/2764.svg"
      />
    </button>
    <button
      className="emoji-react-selector__emoji"
      onClick={[Function]}
      onKeyDown={[Function]}
      tabIndex={-1}
    >
      <img
        alt="😆"
        className="emojione"
        draggable="false"
        src="/packs/emoji/1f606.svg"
      />
    </button>
    <button
      className="emoji-react-selector__emoji"
      onClick={[Function]}
      onKeyDown={[Function]}
      tabIndex={-1}
    >
      <img
        alt="😮"
        className="emojione"
        draggable="false"
        src="/packs/emoji/1f62e.svg"
      />
    </button>
    <button
      className="emoji-react-selector__emoji"
      onClick={[Function]}
      onKeyDown={[Function]}
      tabIndex={-1}
    >
      <img
        alt="😢"
        className="emojione"
        draggable="false"
        src="/packs/emoji/1f622.svg"
      />
    </button>
    <button
      className="emoji-react-selector__emoji"
      onClick={[Function]}
      onKeyDown={[Function]}
      tabIndex={-1}
    >
      <img
        alt="😩"
        className="emojione"
        draggable="false"
        src="/packs/emoji/1f629.svg"
      />
    </button>
  </div>
</div>
`;
